Traceback (most recent call last):
  File "/Users/gwen29360/opt/anaconda3/envs/utoulouse/lib/python3.13/site-packages/jupyter_cache/executors/utils.py", line 58, in single_nb_execution
    executenb(
    ~~~~~~~~~^
        nb,
        ^^^
    ...<4 lines>...
        **kwargs,
        ^^^^^^^^^
    )
    ^
  File "/Users/gwen29360/opt/anaconda3/envs/utoulouse/lib/python3.13/site-packages/nbclient/client.py", line 1204, in execute
    return NotebookClient(nb=nb, resources=resources, km=km, **kwargs).execute()
           ~~~~~~~~~~~~~~~~~~~~~~~~~~~~~~~~~~~~~~~~~~~~~~~~~~~~~~~~~~~~~~~~~~~^^
  File "/Users/gwen29360/opt/anaconda3/envs/utoulouse/lib/python3.13/site-packages/nbclient/util.py", line 84, in wrapped
    return just_run(coro(*args, **kwargs))
  File "/Users/gwen29360/opt/anaconda3/envs/utoulouse/lib/python3.13/site-packages/nbclient/util.py", line 62, in just_run
    return loop.run_until_complete(coro)
           ~~~~~~~~~~~~~~~~~~~~~~~^^^^^^
  File "/Users/gwen29360/opt/anaconda3/envs/utoulouse/lib/python3.13/asyncio/base_events.py", line 725, in run_until_complete
    return future.result()
           ~~~~~~~~~~~~~^^
  File "/Users/gwen29360/opt/anaconda3/envs/utoulouse/lib/python3.13/site-packages/nbclient/client.py", line 663, in async_execute
    await self.async_execute_cell(
        cell, index, execution_count=self.code_cells_executed + 1
    )
  File "/Users/gwen29360/opt/anaconda3/envs/utoulouse/lib/python3.13/site-packages/nbclient/client.py", line 965, in async_execute_cell
    await self._check_raise_for_error(cell, cell_index, exec_reply)
  File "/Users/gwen29360/opt/anaconda3/envs/utoulouse/lib/python3.13/site-packages/nbclient/client.py", line 862, in _check_raise_for_error
    raise CellExecutionError.from_cell_and_msg(cell, exec_reply_content)
nbclient.exceptions.CellExecutionError: An error occurred while executing the following cell:
------------------
dt = 0.5  # hours
fs = 1/dt  # 2 samples/hour

# FFT
n = len(x)
freq = np.fft.rfftfreq(n, d=dt)  # frequency in cycles per hour
X = np.abs(np.fft.rfft(x))

# M2 frequency
f_M2 = 1 / 12.4206  # cycles per hour
------------------

[31m---------------------------------------------------------------------------[39m
[31mNameError[39m                                 Traceback (most recent call last)
[36mCell[39m[36m [39m[32mIn[6][39m[32m, line 5[39m
[32m      2[39m fs = [32m1[39m/dt  [38;5;66;03m# 2 samples/hour[39;00m
[32m      4[39m [38;5;66;03m# FFT[39;00m
[32m----> [39m[32m5[39m n = [38;5;28mlen[39m([43mx[49m)
[32m      6[39m freq = np.fft.rfftfreq(n, d=dt)  [38;5;66;03m# frequency in cycles per hour[39;00m
[32m      7[39m X = np.abs(np.fft.rfft(x))

[31mNameError[39m: name 'x' is not defined
NameError: name 'x' is not defined

